  HOSTCC  util/ectool
  HOSTCC  util/lbplay
  HOSTCC  util/stm32mon
  HOSTCC  util/ec_sb_firmware_update
  HOSTCC  util/lbcc
  HOSTCC  util/ec_parse_panicinfo
  BUILDCC util/ec_uartd
  BUILDCC util/iteflash
  BUILDCC util/ecst
  VERSION ec_version.h
  LDS     RO/ec.RO.lds
  CC      RO/board/kevin/battery.o
  CC      RO/board/kevin/board.o
  CC      RO/board/kevin/charge_ramp.o
  CC      RO/board/kevin/led_kevin.o
  CC      RO/board/kevin/usb_pd_policy.o
  CC      RO/chip/npcx/adc.o
  CC      RO/chip/npcx/clock.o
  CC      RO/chip/npcx/flash.o
  CC      RO/chip/npcx/gpio.o
  CC      RO/chip/npcx/header.o
  CC      RO/chip/npcx/hwtimer.o
  CC      RO/chip/npcx/i2c.o
  CC      RO/chip/npcx/jtag.o
  CC      RO/chip/npcx/keyboard_raw.o
  CC      RO/chip/npcx/pwm.o
  CC      RO/chip/npcx/shi.o
  CC      RO/chip/npcx/spi.o
  CC      RO/chip/npcx/system.o
  CC      RO/chip/npcx/uart.o
  CC      RO/chip/npcx/watchdog.o
  CC      RO/common/adc.o
  CC      RO/common/battery.o
  CC      RO/common/button.o
  CC      RO/common/charge_manager.o
  CC      RO/common/charge_ramp.o
  CC      RO/common/charge_state_v2.o
  CC      RO/common/charger.o
  CC      RO/common/chipset.o
  CC      RO/common/console.o
  CC      RO/common/console_output.o
  CC      RO/common/flash.o
  CC      RO/common/fmap.o
  CC      RO/common/gpio.o
  CC      RO/common/gpio_commands.o
  CC      RO/common/hooks.o
  CC      RO/common/host_command.o
  CC      RO/common/host_command_pd.o
  CC      RO/common/host_event_commands.o
  CC      RO/common/i2c.o
  CC      RO/common/keyboard_mkbp.o
  CC      RO/common/keyboard_scan.o
  CC      RO/common/led_common.o
  CC      RO/common/lid_angle.o
  CC      RO/common/lid_switch.o
  CC      RO/common/main.o
  CC      RO/common/math_util.o
  CC      RO/common/memory_commands.o
  CC      RO/common/mkbp_event.o
  CC      RO/common/motion_lid.o
  CC      RO/common/motion_sense.o
  CC      RO/common/panic_output.o
  CC      RO/common/pd_log.o
  CC      RO/common/power_button.o
  CC      RO/common/printf.o
  CC      RO/common/pwm.o
  CC      RO/common/queue.o
  CC      RO/common/queue_policies.o
  CC      RO/common/sensor_common.o
  CC      RO/common/sha256.o
  CC      RO/common/shared_mem.o
  CC      RO/common/spi_flash_reg.o
  CC      RO/common/switch.o
  CC      RO/common/system.o
  CC      RO/common/tablet_mode.o
  CC      RO/common/timer.o
  CC      RO/common/uart_buffering.o
  CC      RO/common/usb_charger.o
  CC      RO/common/usb_pd_policy.o
  CC      RO/common/usb_pd_protocol.o
  CC      RO/common/util.o
  CC      RO/common/vboot_hash.o
  CC      RO/common/version.o
  CC      RO/common/virtual_battery.o
  CC      RO/core/cortex-m/cpu.o
  AS      RO/core/cortex-m/init.o
  AS      RO/core/cortex-m/ldivmod.o
  CC      RO/core/cortex-m/panic.o
  AS      RO/core/cortex-m/switch.o
  CC      RO/core/cortex-m/task.o
  AS      RO/core/cortex-m/uldivmod.o
  CC      RO/core/cortex-m/watchdog.o
  CC      RO/driver/accel_bma2x2.o
  CC      RO/driver/accel_kionix.o
  CC      RO/driver/accelgyro_bmi160.o
  CC      RO/driver/battery/smart.o
  CC      RO/driver/charger/bd99955.o
  CC      RO/driver/tcpm/fusb302.o
  CC      RO/driver/usb_mux.o
  CC      RO/driver/usb_mux_virtual.o
  CC      RO/power/common.o
  CC      RO/power/rk3399.o
  LD      RO/ec.RO.elf
  NM      RO/ec.RO.smap
  OBJCOPY RO/ec.RO.flat
  ECST    RO/ec.RO.flat
  LDS     RW/ec.RW.lds
  CC      RW/board/kevin/battery.o
  CC      RW/board/kevin/board.o
  CC      RW/board/kevin/charge_ramp.o
  CC      RW/board/kevin/led_kevin.o
  CC      RW/board/kevin/usb_pd_policy.o
  CC      RW/chip/npcx/adc.o
  CC      RW/chip/npcx/clock.o
  CC      RW/chip/npcx/flash.o
  CC      RW/chip/npcx/gpio.o
  CC      RW/chip/npcx/header.o
  CC      RW/chip/npcx/hwtimer.o
  CC      RW/chip/npcx/i2c.o
  CC      RW/chip/npcx/jtag.o
  CC      RW/chip/npcx/keyboard_raw.o
  CC      RW/chip/npcx/pwm.o
  CC      RW/chip/npcx/shi.o
  CC      RW/chip/npcx/spi.o
  CC      RW/chip/npcx/system.o
  CC      RW/chip/npcx/uart.o
  CC      RW/chip/npcx/watchdog.o
  CC      RW/common/adc.o
  CC      RW/common/battery.o
  CC      RW/common/button.o
  CC      RW/common/charge_manager.o
  CC      RW/common/charge_ramp.o
  CC      RW/common/charge_state_v2.o
  CC      RW/common/charger.o
  CC      RW/common/chipset.o
  CC      RW/common/console.o
  CC      RW/common/console_output.o
  CC      RW/common/flash.o
  CC      RW/common/fmap.o
  CC      RW/common/gpio.o
  CC      RW/common/gpio_commands.o
  CC      RW/common/hooks.o
  CC      RW/common/host_command.o
  CC      RW/common/host_command_pd.o
  CC      RW/common/host_event_commands.o
  CC      RW/common/i2c.o
  CC      RW/common/keyboard_mkbp.o
  CC      RW/common/keyboard_scan.o
  CC      RW/common/led_common.o
  CC      RW/common/lid_angle.o
  CC      RW/common/lid_switch.o
  CC      RW/common/main.o
  CC      RW/common/math_util.o
  CC      RW/common/memory_commands.o
  CC      RW/common/mkbp_event.o
  CC      RW/common/motion_lid.o
  CC      RW/common/motion_sense.o
  CC      RW/common/panic_output.o
  CC      RW/common/pd_log.o
  CC      RW/common/power_button.o
  CC      RW/common/printf.o
  CC      RW/common/pwm.o
  CC      RW/common/queue.o
  CC      RW/common/queue_policies.o
  CC      RW/common/sensor_common.o
  CC      RW/common/sha256.o
  CC      RW/common/shared_mem.o
  CC      RW/common/spi_flash_reg.o
  CC      RW/common/switch.o
  CC      RW/common/system.o
  CC      RW/common/tablet_mode.o
  CC      RW/common/timer.o
  CC      RW/common/uart_buffering.o
  CC      RW/common/usb_charger.o
  CC      RW/common/usb_pd_policy.o
  CC      RW/common/usb_pd_protocol.o
  CC      RW/common/util.o
  CC      RW/common/vboot_hash.o
  CC      RW/common/version.o
  CC      RW/common/virtual_battery.o
  CC      RW/core/cortex-m/cpu.o
  AS      RW/core/cortex-m/init.o
  AS      RW/core/cortex-m/ldivmod.o
  CC      RW/core/cortex-m/panic.o
  AS      RW/core/cortex-m/switch.o
  CC      RW/core/cortex-m/task.o
  AS      RW/core/cortex-m/uldivmod.o
  CC      RW/core/cortex-m/watchdog.o
  CC      RW/driver/accel_bma2x2.o
  CC      RW/driver/accel_kionix.o
  CC      RW/driver/accelgyro_bmi160.o
  CC      RW/driver/battery/smart.o
  CC      RW/driver/charger/bd99955.o
  CC      RW/driver/tcpm/fusb302.o
  CC      RW/driver/usb_mux.o
  CC      RW/driver/usb_mux_virtual.o
  CC      RW/power/common.o
  CC      RW/power/rk3399.o
  LD      RW/ec.RW.elf
  NM      RW/ec.RW.smap
  OBJCOPY RW/ec.RW.flat
  LDS     firmware_image.lds
  CAT     ec.obj
  OBJCOPY ec.bin
  COPY_RW ec.bin
  MV      ec.bin
  EXTBIN  chip/npcx/spiflashfw/ec_npcxflash.bin
